
Running 1 test using 1 worker

[API] POST http://127.0.0.1:5005/api/auth/register
[API] POST http://127.0.0.1:5005/api/auth/login
[TEST] Mocked Auth Session for user-d7cb3308-6a78-450c-8975-901beca9acf7@test.com
[TEST] Bypassing Auth with Cookie, UserID=45f15531-4cee-415d-b7cc-2d7d9de8aa1f
[DEBUG] Starting Form Builder Test (Seeded)
[TEST] Seeding Project: Gorgeous Granite Tuna
[DEBUG] Seeded Project: Gorgeous Granite Tuna
[DEBUG] Checking visibility of project card...
[DEBUG] Project Card Visible
[DEBUG] Entered Project Dashboard
[DEBUG] Clicked Forms Link
[DEBUG] Navigated to /forms/new
[DEBUG] Dialog Visible
[DEBUG] Dialog Closed
[DEBUG] Builder Canvas Visible
[DEBUG] Found Text Field in Palette
[DEBUG] Attempting DragTo...
[DEBUG] Drag action completed
[DEBUG] TEST FAILED. Dumping page structure...
--- URL: http://localhost:3005/forms/new
<!DOCTYPE html><html lang="en" class="light" style="color-scheme: light;"><head><meta charset="utf-8"><meta name="viewport" content="width=device-width, initial-scale=1"><style type="text/css">:root, :host {
  --fa-font-solid: normal 900 1em/1 "Font Awesome 7 Free";
  --fa-font-regular: normal 400 1em/1 "Font Awesome 7 Free";
  --fa-font-light: normal 300 1em/1 "Font Awesome 7 Pro";
  --fa-font-thin: normal 100 1em/1 "Font Awesome 7 Pro";
  --fa-font-duotone: normal 900 1em/1 "Font Awesome 7 Duotone";
  --fa-font-duotone-regular: normal 400 1em/1 "Font Awesome 7 Duotone";
  --fa-font-duotone-light: normal 300 1em/1 "Font Awesome 7 Duotone";
  --fa-font-duotone-thin: normal 100 1em/1 "Font Awesome 7 Duotone";
  --fa-font-brands: normal 400 1em/1 "Font Awesome 7 Brands";
  --fa-font-sharp-solid: normal 900 1em/1 "Font Awesome 7 Sharp";
  --fa-font-sharp-regular: normal 400 1em/1 "Font Awesome 7 Sharp";
  --fa-font-sharp-light: normal 300 1em/1 "Font Awesome 7 Sharp";
  --fa-font-sharp-thin: normal 100 1em/1 "Font Awesome 7 Sharp";
  --fa-font-sharp-duotone-solid: normal 900 1em/1 "Font Awesome 7 Sharp Duotone";
  --fa-font-sharp-duotone-regular: normal 400 1em/1 "Font Awesome 7 Sharp Duotone";
  --fa-font-sharp-duotone-light: normal 300 1em/1 "Font Awesome 7 Sharp Duotone";
  --fa-font-sharp-duotone-thin: normal 100 1em/1 "Font Awesome 7 Sharp Duotone";
  --fa-font-slab-regular: normal 400 1em/1 "Font Awesome 7 Slab";
  --fa-font-slab-press-regular: normal 400 1em/1 "Font Awesome 7 Slab Press";
  --fa-font-whiteboard-semibold: normal 600 1em/1 "Font Awesome 7 Whiteboard";
  --fa-font-thumbprint-light: normal 300 1em/1 "Font Awesome 7 Thumbprint";
  --fa-font-notdog-solid: normal 900 1em/1 "Font Awesome 7 Notdog";
  --fa-font-notdog-duo-solid: normal 900 1em/1 "Font Awesome 7 Notdog Duo";
  --fa-font-etch-solid: normal 900 1em/1 "Font Awesome 7 Etch";
  --fa-font-jelly-regular: normal 400 1em/1 "Font Awesome 7 Jelly";
  --fa-font-jelly-fill-regular: normal 400 1em/1 "Font Awesome 7 Jelly Fill";
  --fa-font-jelly-duo-regular: normal 400 1em/1 "Font Awesome 7 Jelly Duo";
  --fa-font-chisel-regular: normal 400 1em/1 "Font Awesome 7 Chisel";
  --fa-font-utility-semibold: normal 600 1em/1 "Font Awesome 7 Utility";
  --fa-font-utility-duo-semibold: normal 600 1em/1 "Font Awesome 7 Utility Duo";
  --fa-font-utility-fill-semibold: normal 600 1em/1 "Font Awesome 7 Utility Fill";
}

.svg-inline--fa {
  box-sizing: content-box;
  display: var(--fa-display, inline-block);
  height: 1em;
  overflow: visible;
  vertical-align: -0.125em;
  width: var(--fa-width, 1.25em);
}
.svg-inline--fa.fa-2xs {
  vertical-align: 0.1em;
}
.svg-inline--fa.fa-xs {
  vertical-align: 0em;
}
.svg-inline--fa.fa-sm {
  vertical-align: -0.0714285714em;
}
.svg-inline--fa.fa-lg {
  vertical-align: -0.2em;
}
.svg-inline--fa.fa-xl {
  vertical-align: -0.25em;
}
.svg-inline--fa.fa-2xl {
  vertical-align: -0.3125em;
}
.svg-inline--fa.fa-pull-left,
.svg-inline--fa .fa-pull-start {
  float: inline-start;
  margin-inline-end: var(--fa-pull-margin, 0.3em);
}
.svg-inline--fa.fa-pull-right,
.svg-inline--fa .fa-pull-end {
  float: inline-end;
  margin-inline-start: var(--fa-pull-margin, 0.3em);
}
.svg-inline--fa.fa-li {
  width: var(--fa-li-width, 2em);
  inset-inline-start: calc(-1 * var(--fa-li-width, 2em));
  inset-block-start: 0.25em; /* syncing vertical alignment with Web Font rendering */
}

.fa-layers-counter, .fa-layers-text {
  display: inline-block;
  position: absolute;
  text-align: center;
}

.fa-layers {
  display: inline-block;
  height: 1em;
  position: relative;
  text-align: center;
  vertical-align: -0.125em;
  width: var(--fa-width, 1.25em);
}
.fa-layers .svg-inline--fa {
  inset: 0;
  margin: auto;
  position: absolute;
  transform-origin: center center;
}

.fa-layers-text {
  left: 50%;
  top: 50%;
  transform: translate(-50%, -50%);
  transform-origin: center center;
}

.fa-layers-counter {
  background-color: var(--fa-counter-background-color, #ff253a);
  border-radius: var(--fa-counter-border-radius, 1em);
  box-sizing: border-box;
  color: var(--fa-inverse, #fff);
  line-height: var(--fa-counter-line-height, 1);
  max-width: var(--fa-counter-max-width, 5em);
  min-width: var(--fa-counter-min-width, 1.5em);
  overflow: hidden;
  padding: var(--fa-counter-padding, 0.25em 0.5em);
  right: var(--fa-right, 0);
  text-overflow: ellipsis;
  top: var(--fa-top, 0);
  transform: scale(var(--fa-counter-scale, 0.25));
  transform-origin: top right;
}

.fa-layers-bottom-right {
  bottom: var(--fa-bottom, 0);
  right: var(--fa-right, 0);
  top: auto;
  transform: scale(var(--fa-layers-scale, 0.25));
  transform-origin: bottom right;
}

.fa-layers-bottom-left {
  bottom: var(--fa-bottom, 0);
  left: var(--fa-left, 0);
  right: auto;
  top: auto;
  transform: scale(var(--fa-layers-scale, 0.25));
  transform-origin: bottom left;
}

.fa-layers-top-right {
  top: var(--fa-top, 0);
  right: var(--fa-right, 0);
  transform: scale(var(--fa-layers-scale, 0.
  Γ£ÿ  1 [chromium] ΓÇ║ tests\e2e\form-builder.spec.ts:7:9 ΓÇ║ Form Builder ΓÇ║ should allow dragging fields and editing properties (9.9s)


  1) [chromium] ΓÇ║ tests\e2e\form-builder.spec.ts:7:9 ΓÇ║ Form Builder ΓÇ║ should allow dragging fields and editing properties 

    Error: [2mexpect([22m[31mlocator[39m[2m).[22mtoBeVisible[2m([22m[2m)[22m failed

    Locator: getByTestId('form-canvas').locator('[data-field-type="text"]')
    Expected: visible
    Timeout: 5000ms
    Error: element(s) not found

    Call log:
    [2m  - Expect "toBeVisible" with timeout 5000ms[22m
    [2m  - waiting for getByTestId('form-canvas').locator('[data-field-type="text"]')[22m


      81 |             const fieldInCanvas = canvas.locator('[data-field-type="text"]'); 
      82 |             // Wait for it to appear
    > 83 |             await expect(fieldInCanvas).toBeVisible({ timeout: 5000 });
         |                                         ^
      84 |             console.log('[DEBUG] Field appeared in Canvas');
      85 |
      86 |             // 7. Select Field to Edit
        at C:\Users\White\Documents\Worktree\Worktree\tests\e2e\form-builder.spec.ts:83:41

    Error Context: test-results\e2e-form-builder-Form-Buil-bff4d-elds-and-editing-properties-chromium\error-context.md

  1 failed
    [chromium] ΓÇ║ tests\e2e\form-builder.spec.ts:7:9 ΓÇ║ Form Builder ΓÇ║ should allow dragging fields and editing properties 
